=== PIVCO-Huffman Benchmarks (QUICK) ===
Sequence: 4M, Repeats: 20 (80M/run), Block: 8192, Runs: 2 (drop 0)

DECODE M/s    | pivco_n
--------------|--------
proba80       |    7285
proba50       |    4130
proba14       |    2699
proba02       |    2465
bell_s10      |    3098
bell_s30      |    2223
bell_s80      |    2814
uniform       |    4417
english       |    3331
zipfian       |    2540
sparse_4      |   51785
sparse_16     |   51455
geometric     |    4094
two_sym_eq    |    6314
two_sym_90/10 |   10704
flat_M3       |   34076
flat_M5       |   33566
flat_M6       |   33885
flat_M7       |    4096
html_wiki     |    2315
prose_pride   |    2395
image_jpeg    |    2697
json_api      |    2460
source_c      |    2766
log_apache    |    2428
dna_fasta     |    3574
csv_numeric   |    3386
gzip_random   |    4455
chinese_text  |    2440

  2 runs of 80M symbols each (20x 4M), drop 0 slowest, warn if spread > 5%
  PIVCO/trad decode in 8192-symbol blocks
  huf0 uses 128KB chunks (its max block size)
  rANS decodes full 4M at once
  CPU freq drift: -0.0% (OK)
  Total wall time: 8.5 seconds
