  WARNING: proba80/pivco_n spread 8.3% (5894..6424)
=== PIVCO-Huffman Benchmarks (QUICK) ===
Sequence: 4M, Repeats: 20 (80M/run), Block: 8192, Runs: 2 (drop 0)

DECODE M/s    | pivco_n
--------------|--------
proba80       |    5894
proba50       |    3456
proba14       |    2343
proba02       |    2167
bell_s10      |    2559
bell_s30      |    1936
bell_s80      |    2319
uniform       |    4531
english       |    2867
zipfian       |    2331
sparse_4      |   24028
sparse_16     |   19611
geometric     |    3404
two_sym_eq    |    4740
two_sym_90/10 |    8996
flat_M3       |   21354
flat_M5       |   17919
flat_M6       |   16513
flat_M7       |    3654
html_wiki     |    2022
prose_pride   |    2144
image_jpeg    |    2271
json_api      |    2195
source_c      |    2384
log_apache    |    2122
dna_fasta     |    2900
csv_numeric   |    2822
gzip_random   |    4537
chinese_text  |    2136

  2 runs of 80M symbols each (20x 4M), drop 0 slowest, warn if spread > 5%
  PIVCO/trad decode in 8192-symbol blocks
  huf0 uses 128KB chunks (its max block size)
  rANS decodes full 4M at once
  CPU freq drift: +0.1% (OK)
  Total wall time: 10.2 seconds
